settling for 60s before the first measurement
################ all-minilm:l6-v2 ################
[OFLM]  FLM_MODEL_PATH is the name used before the oflm rename. It still works; set OFLM_MODEL_PATH instead.
[OFLM]  Configuring NPU Power Mode to performance (oflm default)
  designs    ONE xclbin, 16 streams (4 batch tiers), one hw_context
  datapath   bfp16-emulated MMAC, C as bf16
  toolchain  mlir_aie 1.4.2.dev16+g7e00b57, peano 21.0.0.2026080301+c9c5ecb7, mlir-aie HEAD 7e00b57955e108fe9d8e9419f5828a0c7e650858
  sequence   2 halves in flight, 2 row blocks per barrier
  shape      batch 128 x seq 64  (M = 8192)
  tiers      4, 16, 32, 128  (requests are right-sized, not padded)
  gelu       on the HOST (fp32) -- 6 fewer NPU dispatches
  softmax    on the HOST (fp32) -- 6 fewer NPU dispatches
  layernorm  on the HOST (fp32) -- 13 fewer NPU dispatches
  bo-align   last data buffer aligned to 65536 B
  weights    21.23 MB staged on the device once, not per call
  pipeline   2 concurrent encodes of 128, one NPU mutex, 12 host threads per lane
[NPUE]  loaded ST-all-MiniLM-L6-v2 (sentence-transformers/all-MiniLM-L6-v2), hidden 384, seq 64, bfp16-emulated MMAC, C as bf16
[OFLM]  Starting embedding benchmark: 8 stages up to batch 128, 3 iterations
[OFLM]  Warm-up, token counts and identity gate (not timed)
[OFLM]  batch 128, iteration 1...
[OFLM]  batch 64, iteration 1...
[OFLM]  batch 32, iteration 1...
[OFLM]  batch 16, iteration 1...
[OFLM]  batch 8, iteration 1...
[OFLM]  batch 4, iteration 1...
[OFLM]  batch 2, iteration 1...
[OFLM]  batch 1, iteration 1...
[OFLM]  batch 128, iteration 2...
[OFLM]  batch 64, iteration 2...
[OFLM]  batch 32, iteration 2...
[OFLM]  batch 16, iteration 2...
[OFLM]  batch 8, iteration 2...
[OFLM]  batch 4, iteration 2...
[OFLM]  batch 2, iteration 2...
[OFLM]  batch 1, iteration 2...
[OFLM]  batch 128, iteration 3...
[OFLM]  batch 64, iteration 3...
[OFLM]  batch 32, iteration 3...
[OFLM]  batch 16, iteration 3...
[OFLM]  batch 8, iteration 3...
[OFLM]  batch 4, iteration 3...
[OFLM]  batch 2, iteration 3...
[OFLM]  batch 1, iteration 3...
[OFLM]  === Embedding Benchmark Results ===

  Batch |         Batched (s) | Looped (s) |  Speedup |             Texts/s |          Tokens/s
--------------------------------------------------------------------------------------------------
      1 |      0.0093 +- 0.0006 |     0.0092 |    0.99x |       108.0 +-  7.2 |        3240 +- 216
      2 |      0.0092 +- 0.0006 |     0.0170 |    1.84x |       217.9 +- 13.1 |        5448 +- 326
      4 |      0.0092 +- 0.0000 |     0.0322 |    3.49x |       433.8 +-  1.9 |       10410 +-  45
      8 |      0.0102 +- 0.0008 |     0.0613 |    5.99x |       785.5 +- 56.4 |       16790 +- 1205
     16 |      0.0188 +- 0.0003 |     0.1250 |    6.64x |       850.2 +- 13.6 |       18758 +- 301
     32 |      0.0309 +- 0.0009 |     0.2497 |    8.07x |      1035.7 +- 29.5 |       22850 +- 651
     64 |      0.0491 +- 0.0010 |     0.4928 |   10.05x |      1305.0 +- 25.2 |       28791 +- 556
    128 |      0.1162 +- 0.0016 |     0.9911 |    8.53x |      1102.1 +- 15.8 |       24314 +- 348
--------------------------------------------------------------------------------------------------
  all-minilm:l6-v2, task query (this model has no task-prompt concept; no prefix applied)
  corpus: built-in, 16 distinct texts cycled to fill each batch; 3 iterations, 1 warm-up discarded
  identity gate: all 128 vectors of the largest batch are BIT-IDENTICAL to the same text embedded alone
  Speedup is the looped average over the batched average -- what a caller
  gains by sending one request with N inputs instead of N requests.
  Wall clock, end to end (tokenizer + host + array + pooling).
  NOT an NPU kernel claim: the array is shared, so wall clock also measures
  how busy the machine was. Quiesce the NPU before comparing two runs.

[OFLM]  Wrote ./bench_embed_all-minilm_l6-v2_20260913_AMD_Ryzen_AI_9_HX_370_w__Radeon_890M.csv
################ done all-minilm:l6-v2 ################
################ bge-small:en-v1.5 ################
[OFLM]  FLM_MODEL_PATH is the name used before the oflm rename. It still works; set OFLM_MODEL_PATH instead.
[OFLM]  Configuring NPU Power Mode to performance (oflm default)
  designs    ONE xclbin, 16 streams (4 batch tiers), one hw_context
  datapath   bf16 MMAC, C as fp32
  toolchain  mlir_aie 1.4.2.dev16+g7e00b57, peano 21.0.0.2026080301+c9c5ecb7, mlir-aie HEAD 7e00b57955e108fe9d8e9419f5828a0c7e650858
  sequence   2 halves in flight, 2 row blocks per barrier
  shape      batch 128 x seq 64  (M = 8192)
  tiers      4, 16, 32, 128  (requests are right-sized, not padded)
  gelu       on the HOST (fp32) -- 12 fewer NPU dispatches
  softmax    on the HOST (fp32) -- 12 fewer NPU dispatches
  layernorm  on the HOST (fp32) -- 25 fewer NPU dispatches
  bo-align   last data buffer aligned to 32768 B
  weights    42.47 MB staged on the device once, not per call
  pipeline   2 concurrent encodes of 128, one NPU mutex, 12 host threads per lane
[NPUE]  loaded BAAI-bge-small-en-v1.5 (BAAI/bge-small-en-v1.5), hidden 384, seq 64, bf16 MMAC, C as fp32
[OFLM]  Starting embedding benchmark: 8 stages up to batch 128, 3 iterations
[OFLM]  Warm-up, token counts and identity gate (not timed)
[OFLM]  batch 128, iteration 1...
[OFLM]  batch 64, iteration 1...
[OFLM]  batch 32, iteration 1...
[OFLM]  batch 16, iteration 1...
[OFLM]  batch 8, iteration 1...
[OFLM]  batch 4, iteration 1...
[OFLM]  batch 2, iteration 1...
[OFLM]  batch 1, iteration 1...
[OFLM]  batch 128, iteration 2...
[OFLM]  batch 64, iteration 2...
[OFLM]  batch 32, iteration 2...
[OFLM]  batch 16, iteration 2...
[OFLM]  batch 8, iteration 2...
[OFLM]  batch 4, iteration 2...
[OFLM]  batch 2, iteration 2...
[OFLM]  batch 1, iteration 2...
[OFLM]  batch 128, iteration 3...
[OFLM]  batch 64, iteration 3...
[OFLM]  batch 32, iteration 3...
[OFLM]  batch 16, iteration 3...
[OFLM]  batch 8, iteration 3...
[OFLM]  batch 4, iteration 3...
[OFLM]  batch 2, iteration 3...
[OFLM]  batch 1, iteration 3...
[OFLM]  === Embedding Benchmark Results ===

  Batch |         Batched (s) | Looped (s) |  Speedup |             Texts/s |          Tokens/s
--------------------------------------------------------------------------------------------------
      1 |      0.0188 +- 0.0001 |     0.0195 |    1.04x |        53.3 +-  0.1 |        1598 +-   4
      2 |      0.0193 +- 0.0005 |     0.0381 |    1.97x |       103.6 +-  2.9 |        2589 +-  73
      4 |      0.0188 +- 0.0001 |     0.0727 |    3.86x |       212.5 +-  1.1 |        5100 +-  26
      8 |      0.0212 +- 0.0013 |     0.1403 |    6.63x |       379.4 +- 22.7 |        8110 +- 486
     16 |      0.0448 +- 0.0008 |     0.2882 |    6.43x |       357.0 +-  6.3 |        7876 +- 139
     32 |      0.0809 +- 0.0021 |     0.5660 |    7.00x |       395.8 +- 10.1 |        8732 +- 224
     64 |      0.1140 +- 0.0101 |     1.1435 |   10.03x |       565.4 +- 47.0 |       12474 +- 1038
    128 |      0.3134 +- 0.0179 |     2.3192 |    7.40x |       409.7 +- 22.5 |        9039 +- 497
--------------------------------------------------------------------------------------------------
  bge-small:en-v1.5, task query (this model has no task-prompt concept; no prefix applied)
  corpus: built-in, 16 distinct texts cycled to fill each batch; 3 iterations, 1 warm-up discarded
  identity gate: all 128 vectors of the largest batch are BIT-IDENTICAL to the same text embedded alone
  Speedup is the looped average over the batched average -- what a caller
  gains by sending one request with N inputs instead of N requests.
  Wall clock, end to end (tokenizer + host + array + pooling).
  NOT an NPU kernel claim: the array is shared, so wall clock also measures
  how busy the machine was. Quiesce the NPU before comparing two runs.

[OFLM]  Wrote ./bench_embed_bge-small_en-v1.5_20260913_AMD_Ryzen_AI_9_HX_370_w__Radeon_890M.csv
################ done bge-small:en-v1.5 ################
################ bge-base:en-v1.5 ################
[OFLM]  FLM_MODEL_PATH is the name used before the oflm rename. It still works; set OFLM_MODEL_PATH instead.
[OFLM]  Configuring NPU Power Mode to performance (oflm default)
  designs    ONE xclbin, 16 streams (4 batch tiers), one hw_context
  datapath   bfp16-emulated MMAC, C as bf16
  toolchain  mlir_aie 1.4.2.dev16+g7e00b57, peano 21.0.0.2026080301+c9c5ecb7, mlir-aie HEAD 7e00b57955e108fe9d8e9419f5828a0c7e650858
  sequence   2 halves in flight, 2 row blocks per barrier
  shape      batch 128 x seq 64  (M = 8192)
  tiers      4, 16, 32, 128  (requests are right-sized, not padded)
  gelu       on the HOST (fp32) -- 12 fewer NPU dispatches
  softmax    on the HOST (fp32) -- 12 fewer NPU dispatches
  layernorm  on the HOST (fp32) -- 25 fewer NPU dispatches
  bo-align   last data buffer aligned to 1048576 B
  weights    169.87 MB staged on the device once, not per call
  pipeline   2 concurrent encodes of 128, one NPU mutex, 12 host threads per lane
[NPUE]  loaded BAAI-bge-base-en-v1.5 (BAAI/bge-base-en-v1.5), hidden 768, seq 64, bfp16-emulated MMAC, C as bf16
[OFLM]  Starting embedding benchmark: 8 stages up to batch 128, 3 iterations
[OFLM]  Warm-up, token counts and identity gate (not timed)
[OFLM]  batch 128, iteration 1...
[OFLM]  batch 64, iteration 1...
[OFLM]  batch 32, iteration 1...
[OFLM]  batch 16, iteration 1...
[OFLM]  batch 8, iteration 1...
[OFLM]  batch 4, iteration 1...
[OFLM]  batch 2, iteration 1...
[OFLM]  batch 1, iteration 1...
[OFLM]  batch 128, iteration 2...
[OFLM]  batch 64, iteration 2...
[OFLM]  batch 32, iteration 2...
[OFLM]  batch 16, iteration 2...
[OFLM]  batch 8, iteration 2...
[OFLM]  batch 4, iteration 2...
[OFLM]  batch 2, iteration 2...
[OFLM]  batch 1, iteration 2...
[OFLM]  batch 128, iteration 3...
[OFLM]  batch 64, iteration 3...
[OFLM]  batch 32, iteration 3...
[OFLM]  batch 16, iteration 3...
[OFLM]  batch 8, iteration 3...
[OFLM]  batch 4, iteration 3...
[OFLM]  batch 2, iteration 3...
[OFLM]  batch 1, iteration 3...
[OFLM]  === Embedding Benchmark Results ===

  Batch |         Batched (s) | Looped (s) |  Speedup |             Texts/s |          Tokens/s
--------------------------------------------------------------------------------------------------
      1 |      0.0253 +- 0.0008 |     0.0250 |    0.99x |        39.5 +-  1.2 |        1186 +-  36
      2 |      0.0258 +- 0.0010 |     0.0490 |    1.90x |        77.6 +-  3.0 |        1940 +-  74
      4 |      0.0259 +- 0.0005 |     0.1011 |    3.91x |       154.7 +-  2.7 |        3712 +-  65
      8 |      0.0314 +- 0.0008 |     0.2018 |    6.43x |       255.0 +-  6.9 |        5451 +- 148
     16 |      0.0701 +- 0.0006 |     0.3811 |    5.44x |       228.3 +-  1.9 |        5037 +-  42
     32 |      0.1330 +- 0.0013 |     0.7628 |    5.73x |       240.6 +-  2.3 |        5308 +-  50
     64 |      0.2056 +- 0.0020 |     1.5513 |    7.55x |       311.3 +-  3.0 |        6868 +-  65
    128 |      0.5059 +- 0.0018 |     3.1064 |    6.14x |       253.0 +-  0.9 |        5582 +-  20
--------------------------------------------------------------------------------------------------
  bge-base:en-v1.5, task query (this model has no task-prompt concept; no prefix applied)
  corpus: built-in, 16 distinct texts cycled to fill each batch; 3 iterations, 1 warm-up discarded
  identity gate: all 128 vectors of the largest batch are BIT-IDENTICAL to the same text embedded alone
  Speedup is the looped average over the batched average -- what a caller
  gains by sending one request with N inputs instead of N requests.
  Wall clock, end to end (tokenizer + host + array + pooling).
  NOT an NPU kernel claim: the array is shared, so wall clock also measures
  how busy the machine was. Quiesce the NPU before comparing two runs.

[OFLM]  Wrote ./bench_embed_bge-base_en-v1.5_20260913_AMD_Ryzen_AI_9_HX_370_w__Radeon_890M.csv
################ done bge-base:en-v1.5 ################
################ bge-large:en-v1.5 ################
[OFLM]  FLM_MODEL_PATH is the name used before the oflm rename. It still works; set OFLM_MODEL_PATH instead.
[OFLM]  Configuring NPU Power Mode to performance (oflm default)
  designs    ONE xclbin, 16 streams (4 batch tiers), one hw_context
  datapath   bfp16-emulated MMAC, C as bf16
  toolchain  mlir_aie 1.4.2.dev16+g7e00b57, peano 21.0.0.2026080301+c9c5ecb7, mlir-aie HEAD 7e00b57955e108fe9d8e9419f5828a0c7e650858
  sequence   2 halves in flight, 2 row blocks per barrier
  shape      batch 128 x seq 64  (M = 8192)
  tiers      4, 16, 32, 128  (requests are right-sized, not padded)
  gelu       on the HOST (fp32) -- 24 fewer NPU dispatches
  softmax    on the HOST (fp32) -- 24 fewer NPU dispatches
  layernorm  on the HOST (fp32) -- 49 fewer NPU dispatches
  bo-align   last data buffer aligned to 262144 B
  weights    603.98 MB staged on the device once, not per call
  pipeline   2 concurrent encodes of 128, one NPU mutex, 12 host threads per lane
[NPUE]  loaded BAAI-bge-large-en-v1.5 (BAAI/bge-large-en-v1.5), hidden 1024, seq 64, bfp16-emulated MMAC, C as bf16
[OFLM]  Starting embedding benchmark: 8 stages up to batch 128, 3 iterations
[OFLM]  Warm-up, token counts and identity gate (not timed)
[OFLM]  batch 128, iteration 1...
[OFLM]  batch 64, iteration 1...
[OFLM]  batch 32, iteration 1...
[OFLM]  batch 16, iteration 1...
[OFLM]  batch 8, iteration 1...
[OFLM]  batch 4, iteration 1...
[OFLM]  batch 2, iteration 1...
[OFLM]  batch 1, iteration 1...
[OFLM]  batch 128, iteration 2...
[OFLM]  batch 64, iteration 2...
[OFLM]  batch 32, iteration 2...
[OFLM]  batch 16, iteration 2...
[OFLM]  batch 8, iteration 2...
[OFLM]  batch 4, iteration 2...
[OFLM]  batch 2, iteration 2...
[OFLM]  batch 1, iteration 2...
[OFLM]  batch 128, iteration 3...
[OFLM]  batch 64, iteration 3...
[OFLM]  batch 32, iteration 3...
[OFLM]  batch 16, iteration 3...
[OFLM]  batch 8, iteration 3...
[OFLM]  batch 4, iteration 3...
[OFLM]  batch 2, iteration 3...
[OFLM]  batch 1, iteration 3...
[OFLM]  === Embedding Benchmark Results ===

  Batch |         Batched (s) | Looped (s) |  Speedup |             Texts/s |          Tokens/s
--------------------------------------------------------------------------------------------------
      1 |      0.0741 +- 0.0041 |     0.0725 |    0.98x |        13.5 +-  0.7 |         406 +-  22
      2 |      0.0716 +- 0.0026 |     0.1407 |    1.96x |        28.0 +-  1.0 |         699 +-  25
      4 |      0.0715 +- 0.0017 |     0.2827 |    3.95x |        56.0 +-  1.4 |        1343 +-  33
      8 |      0.0978 +- 0.0021 |     0.5660 |    5.79x |        81.8 +-  1.8 |        1749 +-  38
     16 |      0.2287 +- 0.0025 |     1.1292 |    4.94x |        70.0 +-  0.8 |        1543 +-  17
     32 |      0.4468 +- 0.0021 |     2.2371 |    5.01x |        71.6 +-  0.3 |        1580 +-   7
     64 |      0.7121 +- 0.0157 |     4.5209 |    6.35x |        89.9 +-  2.0 |        1984 +-  44
    128 |      1.6505 +- 0.0096 |     9.0313 |    5.47x |        77.6 +-  0.5 |        1711 +-  10
--------------------------------------------------------------------------------------------------
  bge-large:en-v1.5, task query (this model has no task-prompt concept; no prefix applied)
  corpus: built-in, 16 distinct texts cycled to fill each batch; 3 iterations, 1 warm-up discarded
  identity gate: all 128 vectors of the largest batch are BIT-IDENTICAL to the same text embedded alone
  Speedup is the looped average over the batched average -- what a caller
  gains by sending one request with N inputs instead of N requests.
  Wall clock, end to end (tokenizer + host + array + pooling).
  NOT an NPU kernel claim: the array is shared, so wall clock also measures
  how busy the machine was. Quiesce the NPU before comparing two runs.

[OFLM]  Wrote ./bench_embed_bge-large_en-v1.5_20260913_AMD_Ryzen_AI_9_HX_370_w__Radeon_890M.csv
################ done bge-large:en-v1.5 ################
################ gte-multilingual:base ################
[OFLM]  FLM_MODEL_PATH is the name used before the oflm rename. It still works; set OFLM_MODEL_PATH instead.
[OFLM]  Configuring NPU Power Mode to performance (oflm default)
  designs    ONE xclbin, 16 streams (4 batch tiers), one hw_context
  datapath   bfp16-emulated MMAC, C as bf16
  toolchain  mlir_aie 1.4.2.dev16+g7e00b57, peano 21.0.0.2026080301+c9c5ecb7, mlir-aie HEAD 7e00b57955e108fe9d8e9419f5828a0c7e650858
  sequence   2 halves in flight, 2 row blocks per barrier
  shape      batch 128 x seq 64  (M = 8192)
  tiers      4, 16, 32, 128  (requests are right-sized, not padded)
  gelu       on the HOST (fp32) -- 12 fewer NPU dispatches
  softmax    on the HOST (fp32) -- 12 fewer NPU dispatches
  layernorm  on the HOST (fp32) -- 25 fewer NPU dispatches
  bo-align   last data buffer aligned to 65536 B
  weights    226.49 MB staged on the device once, not per call
  pipeline   2 concurrent encodes of 128, one NPU mutex, 12 host threads per lane
[NPUE]  loaded Alibaba-gte-multilingual-base (Alibaba-NLP/gte-multilingual-base), hidden 768, seq 64, bfp16-emulated MMAC, C as bf16
[OFLM]  Starting embedding benchmark: 8 stages up to batch 128, 3 iterations
[OFLM]  Warm-up, token counts and identity gate (not timed)
[OFLM]  batch 128, iteration 1...
[OFLM]  batch 64, iteration 1...
[OFLM]  batch 32, iteration 1...
[OFLM]  batch 16, iteration 1...
[OFLM]  batch 8, iteration 1...
[OFLM]  batch 4, iteration 1...
[OFLM]  batch 2, iteration 1...
[OFLM]  batch 1, iteration 1...
[OFLM]  batch 128, iteration 2...
[OFLM]  batch 64, iteration 2...
[OFLM]  batch 32, iteration 2...
[OFLM]  batch 16, iteration 2...
[OFLM]  batch 8, iteration 2...
[OFLM]  batch 4, iteration 2...
[OFLM]  batch 2, iteration 2...
[OFLM]  batch 1, iteration 2...
[OFLM]  batch 128, iteration 3...
[OFLM]  batch 64, iteration 3...
[OFLM]  batch 32, iteration 3...
[OFLM]  batch 16, iteration 3...
[OFLM]  batch 8, iteration 3...
[OFLM]  batch 4, iteration 3...
[OFLM]  batch 2, iteration 3...
[OFLM]  batch 1, iteration 3...
[OFLM]  === Embedding Benchmark Results ===

  Batch |         Batched (s) | Looped (s) |  Speedup |             Texts/s |          Tokens/s
--------------------------------------------------------------------------------------------------
      1 |      0.0357 +- 0.0002 |     0.0361 |    1.01x |        28.0 +-  0.2 |         981 +-   6
      2 |      0.0357 +- 0.0001 |     0.0676 |    1.89x |        56.0 +-  0.1 |        1819 +-   4
      4 |      0.0381 +- 0.0012 |     0.1412 |    3.71x |       105.1 +-  3.2 |        3364 +- 104
      8 |      0.0492 +- 0.0084 |     0.2686 |    5.46x |       167.0 +- 25.4 |        4591 +- 700
     16 |      0.1113 +- 0.0012 |     0.5533 |    4.97x |       143.7 +-  1.6 |        3880 +-  43
     32 |      0.2149 +- 0.0016 |     1.0995 |    5.12x |       148.9 +-  1.1 |        4022 +-  29
     64 |      0.2769 +- 0.0024 |     2.2119 |    7.99x |       231.1 +-  2.0 |        6241 +-  55
    128 |      0.8161 +- 0.0078 |     4.3621 |    5.34x |       156.8 +-  1.5 |        4235 +-  40
--------------------------------------------------------------------------------------------------
  gte-multilingual:base, task query (this model has no task-prompt concept; no prefix applied)
  corpus: built-in, 16 distinct texts cycled to fill each batch; 3 iterations, 1 warm-up discarded
  identity gate: all 128 vectors of the largest batch are BIT-IDENTICAL to the same text embedded alone
  Speedup is the looped average over the batched average -- what a caller
  gains by sending one request with N inputs instead of N requests.
  Wall clock, end to end (tokenizer + host + array + pooling).
  NOT an NPU kernel claim: the array is shared, so wall clock also measures
  how busy the machine was. Quiesce the NPU before comparing two runs.

[OFLM]  Wrote ./bench_embed_gte-multilingual_base_20260913_AMD_Ryzen_AI_9_HX_370_w__Radeon_890M.csv
################ done gte-multilingual:base ################
################ nomic-embed-text:v1.5 ################
[OFLM]  FLM_MODEL_PATH is the name used before the oflm rename. It still works; set OFLM_MODEL_PATH instead.
[OFLM]  Configuring NPU Power Mode to performance (oflm default)
  designs    ONE xclbin, 16 streams (4 batch tiers), one hw_context
  datapath   bfp16-emulated MMAC, C as bf16
  toolchain  mlir_aie 1.4.2.dev16+g7e00b57, peano 21.0.0.2026080301+c9c5ecb7, mlir-aie HEAD 7e00b57955e108fe9d8e9419f5828a0c7e650858
  sequence   2 halves in flight, 2 row blocks per barrier
  shape      batch 128 x seq 64  (M = 8192)
  tiers      4, 16, 32, 128  (requests are right-sized, not padded)
  gelu       on the HOST (fp32) -- 12 fewer NPU dispatches
  softmax    on the HOST (fp32) -- 12 fewer NPU dispatches
  layernorm  on the HOST (fp32) -- 25 fewer NPU dispatches
  bo-align   last data buffer aligned to 131072 B
  weights    226.49 MB staged on the device once, not per call
  pipeline   2 concurrent encodes of 128, one NPU mutex, 12 host threads per lane
[NPUE]  loaded nomic-embed-text-v1.5 (nomic-ai/nomic-embed-text-v1.5), hidden 768, seq 64, bfp16-emulated MMAC, C as bf16
[OFLM]  Starting embedding benchmark: 8 stages up to batch 128, 3 iterations
[OFLM]  Warm-up, token counts and identity gate (not timed)
[OFLM]  batch 128, iteration 1...
[OFLM]  batch 64, iteration 1...
[OFLM]  batch 32, iteration 1...
[OFLM]  batch 16, iteration 1...
[OFLM]  batch 8, iteration 1...
[OFLM]  batch 4, iteration 1...
[OFLM]  batch 2, iteration 1...
[OFLM]  batch 1, iteration 1...
[OFLM]  batch 128, iteration 2...
[OFLM]  batch 64, iteration 2...
[OFLM]  batch 32, iteration 2...
[OFLM]  batch 16, iteration 2...
[OFLM]  batch 8, iteration 2...
[OFLM]  batch 4, iteration 2...
[OFLM]  batch 2, iteration 2...
[OFLM]  batch 1, iteration 2...
[OFLM]  batch 128, iteration 3...
[OFLM]  batch 64, iteration 3...
[OFLM]  batch 32, iteration 3...
[OFLM]  batch 16, iteration 3...
[OFLM]  batch 8, iteration 3...
[OFLM]  batch 4, iteration 3...
[OFLM]  batch 2, iteration 3...
[OFLM]  batch 1, iteration 3...
[OFLM]  === Embedding Benchmark Results ===

  Batch |         Batched (s) | Looped (s) |  Speedup |             Texts/s |          Tokens/s
--------------------------------------------------------------------------------------------------
      1 |      0.0338 +- 0.0003 |     0.0344 |    1.02x |        29.6 +-  0.3 |        1006 +-   9
      2 |      0.0317 +- 0.0017 |     0.0618 |    1.95x |        63.3 +-  3.4 |        1836 +-  97
      4 |      0.0306 +- 0.0022 |     0.1259 |    4.12x |       131.5 +-  9.8 |        3683 +- 275
      8 |      0.0430 +- 0.0055 |     0.2403 |    5.59x |       188.9 +- 22.6 |        4794 +- 574
     16 |      0.0905 +- 0.0095 |     0.4861 |    5.37x |       178.5 +- 17.5 |        4653 +- 456
     32 |      0.1864 +- 0.0271 |     0.9344 |    5.01x |       175.1 +- 23.6 |        4563 +- 614
     64 |      0.2682 +- 0.0106 |     1.8608 |    6.94x |       239.0 +-  9.5 |        6228 +- 248
    128 |      0.6849 +- 0.0354 |     3.8620 |    5.64x |       187.4 +- 10.0 |        4885 +- 262
--------------------------------------------------------------------------------------------------
  nomic-embed-text:v1.5, task query -> container prompt "search_query"
  corpus: built-in, 16 distinct texts cycled to fill each batch; 3 iterations, 1 warm-up discarded
  identity gate: all 128 vectors of the largest batch are BIT-IDENTICAL to the same text embedded alone
  Speedup is the looped average over the batched average -- what a caller
  gains by sending one request with N inputs instead of N requests.
  Wall clock, end to end (tokenizer + host + array + pooling).
  NOT an NPU kernel claim: the array is shared, so wall clock also measures
  how busy the machine was. Quiesce the NPU before comparing two runs.

[OFLM]  Wrote ./bench_embed_nomic-embed-text_v1.5_20260913_AMD_Ryzen_AI_9_HX_370_w__Radeon_890M.csv
################ done nomic-embed-text:v1.5 ################
################ embed-gemma:300m ################
[OFLM]  FLM_MODEL_PATH is the name used before the oflm rename. It still works; set OFLM_MODEL_PATH instead.
[OFLM]  Configuring NPU Power Mode to performance (oflm default)
open_embedding: using app family NPU kernels (Embedding-Gemma-300M-OpenNPU2)
open_embedding: NPU matmul enabled (6 shapes, 0000:c2:00.1)
open_embedding: NPU matmul ready (120 bf16 weights)
[OFLM]  Starting embedding benchmark: 5 stages up to batch 16, 2 iterations
[OFLM]  Warm-up, token counts and identity gate (not timed)
[OFLM]  batch 16, iteration 1...
[OFLM]  batch 8, iteration 1...
[OFLM]  batch 4, iteration 1...
[OFLM]  batch 2, iteration 1...
[OFLM]  batch 1, iteration 1...
[OFLM]  batch 16, iteration 2...
[OFLM]  batch 8, iteration 2...
[OFLM]  batch 4, iteration 2...
[OFLM]  batch 2, iteration 2...
[OFLM]  batch 1, iteration 2...
[OFLM]  === Embedding Benchmark Results ===

  Batch |         Batched (s) | Looped (s) |  Speedup |             Texts/s |          Tokens/s
--------------------------------------------------------------------------------------------------
      1 |      0.6992 +- 0.0509 |     0.6882 |    0.98x |         1.4 +-  0.1 |      not reported
      2 |      1.3817 +- 0.0241 |     1.3295 |    0.96x |         1.4 +-  0.0 |      not reported
      4 |      2.5648 +- 0.1413 |     2.6754 |    1.04x |         1.6 +-  0.1 |      not reported
      8 |      5.1568 +- 0.0453 |     4.9844 |    0.97x |         1.6 +-  0.0 |      not reported
     16 |      9.9378 +- 0.3594 |    10.6397 |    1.07x |         1.6 +-  0.1 |      not reported
--------------------------------------------------------------------------------------------------
  embed-gemma:300m, task query -> a prefix the backend hardcodes per task (it declares no prompt names)
  corpus: built-in, 16 distinct texts cycled to fill each batch; 2 iterations, 1 warm-up discarded
  identity gate: all 16 vectors of the largest batch are BIT-IDENTICAL to the same text embedded alone
  Speedup is the looped average over the batched average -- what a caller
  gains by sending one request with N inputs instead of N requests.
  Wall clock, end to end (tokenizer + host + array + pooling).
  NOT an NPU kernel claim: the array is shared, so wall clock also measures
  how busy the machine was. Quiesce the NPU before comparing two runs.

[OFLM]  Wrote ./bench_embed_embed-gemma_300m_20260913_AMD_Ryzen_AI_9_HX_370_w__Radeon_890M.csv
################ done embed-gemma:300m ################
